// Jest Snapshot v1, https://goo.gl/fbAQLP

exports[`algolia withInfiniteHits connect expect to render 1`] = `
<withInfiniteHits(Component)
  className="sample-class-name"
  helper={
    Object {
      "addDisjunctiveFacetRefinement": [Function],
      "addNumericRefinement": [Function],
      "clearRefinements": [Function],
      "getIndex": [Function],
      "getState": [Function],
      "nextPage": [Function],
      "on": [Function],
      "removeDisjunctiveFacetRefinement": [Function],
      "removeListener": [Function],
      "removeNumericRefinement": [Function],
      "search": [Function],
      "setIndex": [Function],
      "setQuery": [Function],
      "setQueryParameter": [Function],
    }
  }
>
  <div>
    Content
  </div>
</withInfiniteHits(Component)>
`;

exports[`algolia withInfiniteHits expect to render 1`] = `
<Component
  className="sample-class-name"
  hits={Array []}
  isEndReached={false}
  isInitialLoad={true}
  isLoading={true}
  nbHits={0}
  nbPages={0}
  onNextPage={[Function]}
  page={0}
  processingTimeMS={0}
>
  <div>
    Content
  </div>
</Component>
`;
