// Jest Snapshot v1, https://goo.gl/fbAQLP

exports[`algolia withInfiniteHits expect to render 1`] = `
<Component
  className="sample-class-name"
  hits={Array []}
  isEndReached={false}
  isInitialLoad={true}
  isLoading={true}
  nbHits={0}
  nbPages={0}
  onNextPage={[Function]}
  page={0}
  processingTimeMS={0}
>
  <div>
    Content
  </div>
</Component>
`;
