// Jest Snapshot v1, https://goo.gl/fbAQLP

exports[`<AppList /> expect to render 1`] = `
<div
  styleName="AppList"
>
  <AppList
    hits={
      Array [
        Object {
          "_highlightResult": Object {
            "name": Object {
              "value": "__algolia__highlight__pre__tag__Cut the__algolia__highlight__post__tag__ Rope",
            },
          },
          "image": "http://image.com",
          "link": "http://link.com",
          "name": "Cut the Rope",
          "objectID": "1234",
          "price": "0 $",
          "rating": 3,
          "ratingCount": 1234,
        },
        Object {
          "_highlightResult": Object {
            "name": Object {
              "value": "Angry Birds",
            },
          },
          "image": "http://image.com",
          "link": "http://link.com",
          "name": "Angry Birds",
          "objectID": "5678",
          "price": "0 $",
          "rating": 5,
          "ratingCount": 6789,
        },
      ]
    }
    isEndReached={false}
    isInitialLoad={false}
    isLoading={false}
    nbHits={500}
    onNextPage={[Function]}
    processingTimeMS={5}
  />
  <AppListContent
    hits={
      Array [
        Object {
          "_highlightResult": Object {
            "name": Object {
              "value": "__algolia__highlight__pre__tag__Cut the__algolia__highlight__post__tag__ Rope",
            },
          },
          "image": "http://image.com",
          "link": "http://link.com",
          "name": "Cut the Rope",
          "objectID": "1234",
          "price": "0 $",
          "rating": 3,
          "ratingCount": 1234,
        },
        Object {
          "_highlightResult": Object {
            "name": Object {
              "value": "Angry Birds",
            },
          },
          "image": "http://image.com",
          "link": "http://link.com",
          "name": "Angry Birds",
          "objectID": "5678",
          "price": "0 $",
          "rating": 5,
          "ratingCount": 6789,
        },
      ]
    }
    isEndReached={false}
    isInitialLoad={false}
    isLoading={false}
    nbHits={500}
    onNextPage={[Function]}
    processingTimeMS={5}
  />
</div>
`;
