// Jest Snapshot v1, https://goo.gl/fbAQLP

exports[`<CategoryList /> expect to render 1`] = `
<FilterList
  customClassName="CategoryList"
>
  <FilterItem
    isRefined={true}
    onChange={[Function]}
    value="Games"
  >
    <span>
      Games
    </span>
    <Counter
      customClassName=""
      value={1234}
    />
  </FilterItem>
  <FilterItem
    isRefined={false}
    onChange={[Function]}
    value="Social"
  >
    <span>
      Social
    </span>
    <Counter
      customClassName=""
      value={5678}
    />
  </FilterItem>
</FilterList>
`;
