// Jest Snapshot v1, https://goo.gl/fbAQLP

exports[`<App> expect to render 1`] = `
<Provider
  apiKey="f8dac63a6dc38d8bd5893dad8969d819"
  appId="RTMJH2ID8J"
  indexName="apps_rating_desc"
  options={
    Object {
      "disjunctiveFacets": Array [
        "category",
        "rating",
      ],
    }
  }
>
  <Container>
    <Filters>
      <withQuery(SearchFilter) />
      <Advanced>
        <Column>
          <Row>
            <withFacet(withDisjunctiveFacetRefinement(CategoryList)) />
          </Row>
        </Column>
        <Column>
          <Row>
            <withIndex(RatingSort) />
          </Row>
        </Column>
      </Advanced>
    </Filters>
    <withInfiniteHits(AppList) />
  </Container>
</Provider>
`;
