// Jest Snapshot v1, https://goo.gl/fbAQLP

exports[`<App> expect to render 1`] = `
<Provider
  apiKey="f8dac63a6dc38d8bd5893dad8969d819"
  appId="RTMJH2ID8J"
  indexName="apps_rating_desc"
  options={
    Object {
      "disjunctiveFacets": Array [
        "category",
        "rating",
      ],
    }
  }
>
  <Layout>
    <Filters>
      <connect(withQuery(SearchFilter)) />
      <AdvancedFilters>
        <connect(withFacet(connect(withDisjunctiveFacetRefinement(CategoryList)))) />
        <connect(withFacet(connect(withNumericRefinement(RatingList)))) />
        <connect(withIndex(RatingSort)) />
        <connect(withRefinements(connect(withClearRefinements(ClearList)))) />
      </AdvancedFilters>
    </Filters>
    <connect(withInfiniteHits(AppList)) />
  </Layout>
</Provider>
`;
