// Jest Snapshot v1, https://goo.gl/fbAQLP

exports[`<RatingSort /> expect to render 1`] = `
<FilterList
  customClassName=""
>
  <FilterItem
    customClassName=""
    isRefined={false}
    onChange={[Function]}
  >
    By highest rating
  </FilterItem>
  <FilterItem
    customClassName=""
    isRefined={false}
    onChange={[Function]}
  >
    By lowest rating
  </FilterItem>
</FilterList>
`;

exports[`<RatingSort /> withIndex expect to render 1`] = `
<RatingSort
  indexName="sample"
  onChange={[Function]}
/>
`;
