// Jest Snapshot v1, https://goo.gl/fbAQLP

exports[`<RatingSort /> expect to render 1`] = `
<SortBy>
  <RadioInput
    checked={false}
    customClassName=""
    id="sort-desc"
    name="sort"
    onChange={[Function]}
    value="apps_rating_desc"
  >
    Highest rating
  </RadioInput>
  <RadioInput
    checked={false}
    customClassName=""
    id="sort-asc"
    name="sort"
    onChange={[Function]}
    value="apps_rating_asc"
  >
    Lowest rating
  </RadioInput>
</SortBy>
`;

exports[`<RatingSort /> withIndex expect to render 1`] = `
<RatingSort
  indexName="sample"
  onChange={[Function]}
/>
`;
