// Jest Snapshot v1, https://goo.gl/fbAQLP

exports[`<SearchFilter /> expect to render 1`] = `
<TextInput
  enableClearButton={true}
  onChange={[Function]}
  placeholder="Angry Birds, Cut the Rope, Pinterest..."
  value="This is a query"
/>
`;

exports[`<SearchFilter /> withQuery expect to render 1`] = `
<SearchFilter
  onChange={[Function]}
  query=""
/>
`;
