// Jest Snapshot v1, https://goo.gl/fbAQLP

exports[`<RatingList /> expect to render 1`] = `
<FilterList
  customClassName="RatingList"
>
  <FilterItem
    customClassName=""
    isRefined={true}
    onChange={[Function]}
  >
    <Stars
      color=""
      on={5}
      value={4}
    />
    <Counter
      customClassName=""
      value={1234}
    />
  </FilterItem>
  <FilterItem
    customClassName=""
    isRefined={false}
    onChange={[Function]}
  >
    <Stars
      color=""
      on={5}
      value={2}
    />
    <Counter
      customClassName=""
      value={5678}
    />
  </FilterItem>
</FilterList>
`;
